// Jest Snapshot v1, https://goo.gl/fbAQLP

exports[`Dropdown Component renders the dropdown button with the default selected option 1`] = `Promise {}`;
